// Jest Snapshot v1, https://goo.gl/fbAQLP

exports[`amplify-toast spec: Render logic -> should render an empty link tag by default with a warning icon 1`] = `
<amplify-toast class="toast">
  <mock:shadow-root>
    <amplify-icon class="toast-icon" name="warning"></amplify-icon>
    <slot></slot>
    <button class="toast-close"></button>
  </mock:shadow-root>
</amplify-toast>
`;
