// Jest Snapshot v1, https://goo.gl/fbAQLP

exports[`@amplify/ui-components bundle size should match snapshot 1`] = `
Object {
  "amplify-ui-components.js": "1 KB",
  "amplify-ui-components/amplify-ui-components.esm.js": "6 KB",
  "amplify-ui-components/amplify-ui-components.js": "120 KB",
  "amplify-ui-components/index.esm.js": "91 Bytes",
  "amplify-ui-components/p-0d060569.system.entry.js": "1 KB",
  "amplify-ui-components/p-0edba826.system.js": "1 KB",
  "amplify-ui-components/p-135de38f.js": "559 Bytes",
  "amplify-ui-components/p-1dcb64a7.system.js": "777 Bytes",
  "amplify-ui-components/p-1e6799ca.js": "18 KB",
  "amplify-ui-components/p-2b33335e.system.js": "6 KB",
  "amplify-ui-components/p-2d6966bf.system.js": "19 KB",
  "amplify-ui-components/p-38b28b7c.entry.js": "983 Bytes",
  "amplify-ui-components/p-3e55f7fd.js": "5 KB",
  "amplify-ui-components/p-417bb5ea.js": "1 KB",
  "amplify-ui-components/p-5e8f989a.system.entry.js": "119 KB",
  "amplify-ui-components/p-63cc5ffe.js": "3 KB",
  "amplify-ui-components/p-69e66824.js": "600 Bytes",
  "amplify-ui-components/p-6c4a6836.system.entry.js": "705 Bytes",
  "amplify-ui-components/p-71666fd7.system.js": "203 Bytes",
  "amplify-ui-components/p-723826da.system.entry.js": "1 KB",
  "amplify-ui-components/p-74bf56f1.system.js": "1 KB",
  "amplify-ui-components/p-765c6acf.js": "13 KB",
  "amplify-ui-components/p-90999123.system.js": "17 KB",
  "amplify-ui-components/p-9c81688a.system.js": "8 KB",
  "amplify-ui-components/p-a1635a26.js": "8 KB",
  "amplify-ui-components/p-a7948230.system.entry.js": "1 KB",
  "amplify-ui-components/p-be3eb3ec.entry.js": "655 Bytes",
  "amplify-ui-components/p-c5bd2e02.system.entry.js": "764 Bytes",
  "amplify-ui-components/p-c6881755.system.js": "3 KB",
  "amplify-ui-components/p-d77da605.entry.js": "114 KB",
  "amplify-ui-components/p-e481914e.entry.js": "596 Bytes",
  "amplify-ui-components/p-e6bf1fb7.entry.js": "1 KB",
  "amplify-ui-components/p-ea181218.js": "1 KB",
  "amplify-ui-components/p-f6b46c2c.system.js": "5 KB",
  "amplify-ui-components/p-f71368f8.system.js": "694 Bytes",
  "amplify-ui-components/p-fecfbc92.entry.js": "986 Bytes",
  "cjs/Translations-d03e2f1a.js": "4 KB",
  "cjs/amplify-amazon-button_43.cjs.entry.js": "234 KB",
  "cjs/amplify-checkbox.cjs.entry.js": "1 KB",
  "cjs/amplify-federated-sign-in.cjs.entry.js": "2 KB",
  "cjs/amplify-greetings.cjs.entry.js": "2 KB",
  "cjs/amplify-link.cjs.entry.js": "890 Bytes",
  "cjs/amplify-nav_2.cjs.entry.js": "2 KB",
  "cjs/amplify-ui-components.cjs.js": "7 KB",
  "cjs/app-globals-dbb54dcb.js": "2 KB",
  "cjs/auth-types-cd1f71d2.js": "2 KB",
  "cjs/constants-c38f275e.js": "2 KB",
  "cjs/css-shim-20d21009.js": "10 KB",
  "cjs/dom-1a5de793.js": "19 KB",
  "cjs/helpers-b62a00a0.js": "1 KB",
  "cjs/index-3e50b721.js": "70 KB",
  "cjs/index.cjs.js": "450 Bytes",
  "cjs/loader.cjs.js": "7 KB",
  "cjs/shadow-css-41095e33.js": "15 KB",
  "collection/collection-manifest.json": "3 KB",
  "collection/common/Translations.js": "4 KB",
  "collection/common/constants.js": "1 KB",
  "collection/common/country-dial-codes.js": "8 KB",
  "collection/common/helpers.js": "1 KB",
  "collection/common/testing.js": "2 KB",
  "collection/common/types/auth-types.js": "2 KB",
  "collection/common/types/ui-types.js": "0 Bytes",
  "collection/components/amplify-amazon-button/amplify-amazon-button.js": "5 KB",
  "collection/components/amplify-amazon-button/amplify-amazon-button.stories.js": "115 Bytes",
  "collection/components/amplify-auth-fields/amplify-auth-fields-interface.js": "0 Bytes",
  "collection/components/amplify-auth-fields/amplify-auth-fields.js": "2 KB",
  "collection/components/amplify-auth-fields/component-field-mapping.js": "2 KB",
  "collection/components/amplify-auth0-button/amplify-auth0-button.js": "5 KB",
  "collection/components/amplify-auth0-button/amplify-auth0-button.stories.js": "530 Bytes",
  "collection/components/amplify-authenticator/amplify-authenticator.js": "8 KB",
  "collection/components/amplify-authenticator/amplify-authenticator.stories.js": "821 Bytes",
  "collection/components/amplify-button/amplify-button.css": "2 KB",
  "collection/components/amplify-button/amplify-button.js": "5 KB",
  "collection/components/amplify-button/amplify-button.stories.js": "356 Bytes",
  "collection/components/amplify-checkbox/amplify-checkbox.css": "256 Bytes",
  "collection/components/amplify-checkbox/amplify-checkbox.js": "4 KB",
  "collection/components/amplify-checkbox/amplify-checkbox.stories.js": "903 Bytes",
  "collection/components/amplify-code-field/amplify-code-field.js": "6 KB",
  "collection/components/amplify-confirm-sign-in/amplify-confirm-sign-in.js": "10 KB",
  "collection/components/amplify-confirm-sign-in/amplify-confirm-sign-in.stories.js": "234 Bytes",
  "collection/components/amplify-confirm-sign-up/amplify-confirm-sign-up.js": "10 KB",
  "collection/components/amplify-confirm-sign-up/amplify-confirm-sign-up.stories.js": "234 Bytes",
  "collection/components/amplify-country-dial-code/amplify-country-dial-code-interface.js": "0 Bytes",
  "collection/components/amplify-country-dial-code/amplify-country-dial-code.js": "3 KB",
  "collection/components/amplify-country-dial-code/amplify-country-dial-code.stories.js": "282 Bytes",
  "collection/components/amplify-email-field/amplify-email-field.js": "5 KB",
  "collection/components/amplify-examples/amplify-examples.js": "1 KB",
  "collection/components/amplify-examples/auth-totp-example.js": "565 Bytes",
  "collection/components/amplify-examples/authenticator-example.js": "201 Bytes",
  "collection/components/amplify-examples/custom-authenticator-example.js": "426 Bytes",
  "collection/components/amplify-examples/example4.js": "437 Bytes",
  "collection/components/amplify-examples/rock-paper-scissor/rock-paper-scissor.css": "69 Bytes",
  "collection/components/amplify-examples/rock-paper-scissor/rock-paper-scissor.js": "2 KB",
  "collection/components/amplify-examples/scene-example.js": "185 Bytes",
  "collection/components/amplify-facebook-button/amplify-facebook-button.js": "5 KB",
  "collection/components/amplify-facebook-button/amplify-facebook-button.stories.js": "119 Bytes",
  "collection/components/amplify-federated-buttons/amplify-federated-buttons.js": "5 KB",
  "collection/components/amplify-federated-buttons/amplify-federated-buttons.stories.js": "1 KB",
  "collection/components/amplify-federated-sign-in/amplify-federated-sign-in.js": "4 KB",
  "collection/components/amplify-federated-sign-in/amplify-federated-sign-in.stories.js": "123 Bytes",
  "collection/components/amplify-forgot-password/amplify-forgot-password-interface.js": "0 Bytes",
  "collection/components/amplify-forgot-password/amplify-forgot-password.js": "12 KB",
  "collection/components/amplify-forgot-password/amplify-forgot-password.stories.js": "236 Bytes",
  "collection/components/amplify-form-field/amplify-form-field.css": "342 Bytes",
  "collection/components/amplify-form-field/amplify-form-field.js": "9 KB",
  "collection/components/amplify-form-field/amplify-form-field.stories.js": "2 KB",
  "collection/components/amplify-form-section/amplify-form-section.css": "802 Bytes",
  "collection/components/amplify-form-section/amplify-form-section.js": "5 KB",
  "collection/components/amplify-form-section/amplify-form-section.stories.js": "573 Bytes",
  "collection/components/amplify-google-button/amplify-google-button.js": "5 KB",
  "collection/components/amplify-google-button/amplify-google-button.stories.js": "115 Bytes",
  "collection/components/amplify-greetings/amplify-greetings.css": "348 Bytes",
  "collection/components/amplify-greetings/amplify-greetings.js": "4 KB",
  "collection/components/amplify-greetings/amplify-greetings.stories.js": "107 Bytes",
  "collection/components/amplify-hint/amplify-hint.css": "272 Bytes",
  "collection/components/amplify-hint/amplify-hint.js": "441 Bytes",
  "collection/components/amplify-hint/amplify-hint.stories.js": "291 Bytes",
  "collection/components/amplify-icon-button/amplify-icon-button.css": "932 Bytes",
  "collection/components/amplify-icon-button/amplify-icon-button.js": "3 KB",
  "collection/components/amplify-icon-button/amplify-icon-button.stories.js": "469 Bytes",
  "collection/components/amplify-icon/amplify-icon.css": "95 Bytes",
  "collection/components/amplify-icon/amplify-icon.js": "2 KB",
  "collection/components/amplify-icon/amplify-icon.stories.js": "851 Bytes",
  "collection/components/amplify-icon/icons.js": "14 KB",
  "collection/components/amplify-input/amplify-input.css": "626 Bytes",
  "collection/components/amplify-input/amplify-input.js": "6 KB",
  "collection/components/amplify-label/amplify-label.css": "159 Bytes",
  "collection/components/amplify-label/amplify-label.js": "989 Bytes",
  "collection/components/amplify-label/amplify-label.stories.js": "294 Bytes",
  "collection/components/amplify-link/amplify-link.css": "423 Bytes",
  "collection/components/amplify-link/amplify-link.js": "1 KB",
  "collection/components/amplify-loading-spinner/amplify-loading-spinner.css": "227 Bytes",
  "collection/components/amplify-loading-spinner/amplify-loading-spinner.js": "490 Bytes",
  "collection/components/amplify-nav/amplify-nav.css": "125 Bytes",
  "collection/components/amplify-nav/amplify-nav.js": "436 Bytes",
  "collection/components/amplify-nav/amplify-nav.stories.js": "95 Bytes",
  "collection/components/amplify-oauth-button/amplify-oauth-button.js": "1 KB",
  "collection/components/amplify-oauth-button/amplify-oauth-button.stories.js": "113 Bytes",
  "collection/components/amplify-password-field/amplify-password-field.js": "6 KB",
  "collection/components/amplify-phone-field/amplify-phone-field.css": "157 Bytes",
  "collection/components/amplify-phone-field/amplify-phone-field.js": "7 KB",
  "collection/components/amplify-radio-button/amplify-radio-button.css": "241 Bytes",
  "collection/components/amplify-radio-button/amplify-radio-button.js": "5 KB",
  "collection/components/amplify-radio-button/amplify-radio-button.stories.js": "916 Bytes",
  "collection/components/amplify-require-new-password/amplify-require-new-password.js": "8 KB",
  "collection/components/amplify-require-new-password/amplify-require-new-password.stories.js": "259 Bytes",
  "collection/components/amplify-scene-loading/amplify-scene-loading.css": "1 KB",
  "collection/components/amplify-scene-loading/amplify-scene-loading.js": "9 KB",
  "collection/components/amplify-scene-loading/amplify-scene-loading.stories.js": "597 Bytes",
  "collection/components/amplify-scene/amplify-scene-interface.js": "0 Bytes",
  "collection/components/amplify-scene/amplify-scene.css": "290 Bytes",
  "collection/components/amplify-scene/amplify-scene.js": "7 KB",
  "collection/components/amplify-section/amplify-section.css": "522 Bytes",
  "collection/components/amplify-section/amplify-section.js": "1 KB",
  "collection/components/amplify-select-mfa-type/amplify-select-mfa-type.js": "7 KB",
  "collection/components/amplify-select-mfa-type/amplify-select-mfa-type.stories.js": "210 Bytes",
  "collection/components/amplify-select/amplify-select-interface.js": "0 Bytes",
  "collection/components/amplify-select/amplify-select.css": "1 KB",
  "collection/components/amplify-select/amplify-select.js": "3 KB",
  "collection/components/amplify-select/amplify-select.stories.js": "211 Bytes",
  "collection/components/amplify-sign-in-button/amplify-sign-in-button.css": "2 KB",
  "collection/components/amplify-sign-in-button/amplify-sign-in-button.js": "1 KB",
  "collection/components/amplify-sign-in/amplify-sign-in-interface.js": "0 Bytes",
  "collection/components/amplify-sign-in/amplify-sign-in.css": "642 Bytes",
  "collection/components/amplify-sign-in/amplify-sign-in.js": "16 KB",
  "collection/components/amplify-sign-in/amplify-sign-in.stories.js": "919 Bytes",
  "collection/components/amplify-sign-out/amplify-sign-out.js": "3 KB",
  "collection/components/amplify-sign-out/amplify-sign-out.stories.js": "201 Bytes",
  "collection/components/amplify-sign-up/amplify-sign-up-interface.js": "0 Bytes",
  "collection/components/amplify-sign-up/amplify-sign-up.css": "629 Bytes",
  "collection/components/amplify-sign-up/amplify-sign-up.js": "17 KB",
  "collection/components/amplify-sign-up/amplify-sign-up.stories.js": "196 Bytes",
  "collection/components/amplify-strike/amplify-strike.css": "436 Bytes",
  "collection/components/amplify-strike/amplify-strike.js": "460 Bytes",
  "collection/components/amplify-strike/amplify-strike.stories.js": "147 Bytes",
  "collection/components/amplify-toast/amplify-toast.css": "2 KB",
  "collection/components/amplify-toast/amplify-toast.js": "2 KB",
  "collection/components/amplify-toast/amplify-toast.stories.js": "345 Bytes",
  "collection/components/amplify-tooltip/amplify-tooltip.css": "2 KB",
  "collection/components/amplify-tooltip/amplify-tooltip.js": "2 KB",
  "collection/components/amplify-tooltip/amplify-tooltip.stories.js": "475 Bytes",
  "collection/components/amplify-totp-setup/amplify-totp-setup-interface.js": "0 Bytes",
  "collection/components/amplify-totp-setup/amplify-totp-setup.css": "113 Bytes",
  "collection/components/amplify-totp-setup/amplify-totp-setup.js": "6 KB",
  "collection/components/amplify-totp-setup/amplify-totp-setup.stories.js": "211 Bytes",
  "collection/components/amplify-username-field/amplify-username-field.js": "6 KB",
  "collection/components/amplify-verify-contact/amplify-verify-contact.js": "5 KB",
  "collection/components/amplify-verify-contact/amplify-verify-contact.stories.js": "628 Bytes",
  "collection/global/theme.js": "2 KB",
  "collection/index.js": "109 Bytes",
  "docs.d.ts": "3 KB",
  "docs.json": "156 KB",
  "esm-es5/Translations-bcdbf36c.js": "4 KB",
  "esm-es5/amplify-amazon-button_43.entry.js": "229 KB",
  "esm-es5/amplify-checkbox.entry.js": "1 KB",
  "esm-es5/amplify-federated-sign-in.entry.js": "2 KB",
  "esm-es5/amplify-greetings.entry.js": "2 KB",
  "esm-es5/amplify-link.entry.js": "826 Bytes",
  "esm-es5/amplify-nav_2.entry.js": "2 KB",
  "esm-es5/amplify-ui-components.mjs": "6 KB",
  "esm-es5/app-globals-9814b6e4.js": "2 KB",
  "esm-es5/auth-types-78df304e.js": "2 KB",
  "esm-es5/constants-14af28ff.js": "2 KB",
  "esm-es5/css-shim-c6f94a39.js": "10 KB",
  "esm-es5/dom-17330dd2.js": "19 KB",
  "esm-es5/helpers-29286577.js": "1 KB",
  "esm-es5/index-3ee74a34.js": "69 KB",
  "esm-es5/index.mjs": "123 Bytes",
  "esm-es5/loader.mjs": "7 KB",
  "esm-es5/shadow-css-97c489f4.js": "15 KB",
  "esm/Translations-bcdbf36c.js": "4 KB",
  "esm/amplify-amazon-button_43.entry.js": "229 KB",
  "esm/amplify-checkbox.entry.js": "1 KB",
  "esm/amplify-federated-sign-in.entry.js": "2 KB",
  "esm/amplify-greetings.entry.js": "2 KB",
  "esm/amplify-link.entry.js": "826 Bytes",
  "esm/amplify-nav_2.entry.js": "2 KB",
  "esm/amplify-ui-components.mjs": "6 KB",
  "esm/app-globals-9814b6e4.js": "2 KB",
  "esm/auth-types-78df304e.js": "2 KB",
  "esm/constants-14af28ff.js": "2 KB",
  "esm/css-shim-c6f94a39.js": "10 KB",
  "esm/dom-17330dd2.js": "19 KB",
  "esm/helpers-29286577.js": "1 KB",
  "esm/index-3ee74a34.js": "69 KB",
  "esm/index.mjs": "123 Bytes",
  "esm/loader.mjs": "7 KB",
  "esm/polyfills/core-js.js": "78 KB",
  "esm/polyfills/css-shim.js": "10 KB",
  "esm/polyfills/dom.js": "19 KB",
  "esm/polyfills/es5-html-element.js": "320 Bytes",
  "esm/polyfills/index.js": "1 KB",
  "esm/polyfills/promise.js": "7 KB",
  "esm/polyfills/system.js": "4 KB",
  "esm/shadow-css-97c489f4.js": "15 KB",
  "index.js": "48 Bytes",
  "index.mjs": "36 Bytes",
  "loader/cdn.js": "124 Bytes",
  "loader/index.cjs.js": "124 Bytes",
  "loader/index.d.ts": "688 Bytes",
  "loader/index.es2017.mjs": "79 Bytes",
  "loader/index.mjs": "404 Bytes",
  "loader/node-main.js": "153 Bytes",
  "loader/package.json": "291 Bytes",
  "types/common/Translations.d.ts": "3 KB",
  "types/common/constants.d.ts": "1 KB",
  "types/common/country-dial-codes.d.ts": "110 Bytes",
  "types/common/helpers.d.ts": "631 Bytes",
  "types/common/testing.d.ts": "825 Bytes",
  "types/common/types/auth-types.d.ts": "3 KB",
  "types/common/types/ui-types.d.ts": "246 Bytes",
  "types/components.d.ts": "79 KB",
  "types/components/amplify-amazon-button/amplify-amazon-button.d.ts": "631 Bytes",
  "types/components/amplify-amazon-button/amplify-amazon-button.stories.d.ts": "118 Bytes",
  "types/components/amplify-auth-fields/amplify-auth-fields-interface.d.ts": "534 Bytes",
  "types/components/amplify-auth-fields/amplify-auth-fields.d.ts": "916 Bytes",
  "types/components/amplify-auth-fields/component-field-mapping.d.ts": "393 Bytes",
  "types/components/amplify-auth0-button/amplify-auth0-button.d.ts": "400 Bytes",
  "types/components/amplify-auth0-button/amplify-auth0-button.stories.d.ts": "115 Bytes",
  "types/components/amplify-authenticator/amplify-authenticator.d.ts": "949 Bytes",
  "types/components/amplify-authenticator/amplify-authenticator.stories.d.ts": "162 Bytes",
  "types/components/amplify-button/amplify-button.d.ts": "522 Bytes",
  "types/components/amplify-button/amplify-button.stories.d.ts": "11 Bytes",
  "types/components/amplify-checkbox/amplify-checkbox.d.ts": "455 Bytes",
  "types/components/amplify-checkbox/amplify-checkbox.stories.d.ts": "11 Bytes",
  "types/components/amplify-code-field/amplify-code-field.d.ts": "1022 Bytes",
  "types/components/amplify-confirm-sign-in/amplify-confirm-sign-in.d.ts": "2 KB",
  "types/components/amplify-confirm-sign-in/amplify-confirm-sign-in.stories.d.ts": "11 Bytes",
  "types/components/amplify-confirm-sign-up/amplify-confirm-sign-up.d.ts": "2 KB",
  "types/components/amplify-confirm-sign-up/amplify-confirm-sign-up.stories.d.ts": "11 Bytes",
  "types/components/amplify-country-dial-code/amplify-country-dial-code-interface.d.ts": "166 Bytes",
  "types/components/amplify-country-dial-code/amplify-country-dial-code.d.ts": "473 Bytes",
  "types/components/amplify-country-dial-code/amplify-country-dial-code.stories.d.ts": "11 Bytes",
  "types/components/amplify-email-field/amplify-email-field.d.ts": "833 Bytes",
  "types/components/amplify-examples/amplify-examples.d.ts": "116 Bytes",
  "types/components/amplify-examples/auth-totp-example.d.ts": "129 Bytes",
  "types/components/amplify-examples/authenticator-example.d.ts": "91 Bytes",
  "types/components/amplify-examples/custom-authenticator-example.d.ts": "97 Bytes",
  "types/components/amplify-examples/example4.d.ts": "97 Bytes",
  "types/components/amplify-examples/rock-paper-scissor/rock-paper-scissor.d.ts": "361 Bytes",
  "types/components/amplify-examples/scene-example.d.ts": "97 Bytes",
  "types/components/amplify-facebook-button/amplify-facebook-button.d.ts": "683 Bytes",
  "types/components/amplify-facebook-button/amplify-facebook-button.stories.d.ts": "118 Bytes",
  "types/components/amplify-federated-buttons/amplify-federated-buttons.d.ts": "541 Bytes",
  "types/components/amplify-federated-buttons/amplify-federated-buttons.stories.d.ts": "420 Bytes",
  "types/components/amplify-federated-sign-in/amplify-federated-sign-in.d.ts": "298 Bytes",
  "types/components/amplify-federated-sign-in/amplify-federated-sign-in.stories.d.ts": "118 Bytes",
  "types/components/amplify-forgot-password/amplify-forgot-password-interface.d.ts": "56 Bytes",
  "types/components/amplify-forgot-password/amplify-forgot-password.d.ts": "2 KB",
  "types/components/amplify-forgot-password/amplify-forgot-password.stories.d.ts": "11 Bytes",
  "types/components/amplify-form-field/amplify-form-field.d.ts": "2 KB",
  "types/components/amplify-form-field/amplify-form-field.stories.d.ts": "11 Bytes",
  "types/components/amplify-form-section/amplify-form-section.d.ts": "720 Bytes",
  "types/components/amplify-form-section/amplify-form-section.stories.d.ts": "11 Bytes",
  "types/components/amplify-google-button/amplify-google-button.d.ts": "750 Bytes",
  "types/components/amplify-google-button/amplify-google-button.stories.d.ts": "118 Bytes",
  "types/components/amplify-greetings/amplify-greetings.d.ts": "626 Bytes",
  "types/components/amplify-greetings/amplify-greetings.stories.d.ts": "118 Bytes",
  "types/components/amplify-hint/amplify-hint.d.ts": "56 Bytes",
  "types/components/amplify-hint/amplify-hint.stories.d.ts": "11 Bytes",
  "types/components/amplify-icon-button/amplify-icon-button.d.ts": "198 Bytes",
  "types/components/amplify-icon-button/amplify-icon-button.stories.d.ts": "11 Bytes",
  "types/components/amplify-icon/amplify-icon.d.ts": "233 Bytes",
  "types/components/amplify-icon/amplify-icon.stories.d.ts": "11 Bytes",
  "types/components/amplify-icon/icons.d.ts": "335 Bytes",
  "types/components/amplify-input/amplify-input.d.ts": "1 KB",
  "types/components/amplify-label/amplify-label.d.ts": "78 Bytes",
  "types/components/amplify-label/amplify-label.stories.d.ts": "11 Bytes",
  "types/components/amplify-link/amplify-link.d.ts": "95 Bytes",
  "types/components/amplify-loading-spinner/amplify-loading-spinner.d.ts": "66 Bytes",
  "types/components/amplify-nav/amplify-nav.d.ts": "55 Bytes",
  "types/components/amplify-nav/amplify-nav.stories.d.ts": "118 Bytes",
  "types/components/amplify-oauth-button/amplify-oauth-button.d.ts": "211 Bytes",
  "types/components/amplify-oauth-button/amplify-oauth-button.stories.d.ts": "118 Bytes",
  "types/components/amplify-password-field/amplify-password-field.d.ts": "1021 Bytes",
  "types/components/amplify-phone-field/amplify-phone-field.d.ts": "1023 Bytes",
  "types/components/amplify-radio-button/amplify-radio-button.d.ts": "772 Bytes",
  "types/components/amplify-radio-button/amplify-radio-button.stories.d.ts": "11 Bytes",
  "types/components/amplify-require-new-password/amplify-require-new-password.d.ts": "1 KB",
  "types/components/amplify-require-new-password/amplify-require-new-password.stories.d.ts": "11 Bytes",
  "types/components/amplify-scene-loading/amplify-scene-loading.d.ts": "235 Bytes",
  "types/components/amplify-scene-loading/amplify-scene-loading.stories.d.ts": "11 Bytes",
  "types/components/amplify-scene/amplify-scene-interface.d.ts": "83 Bytes",
  "types/components/amplify-scene/amplify-scene.d.ts": "658 Bytes",
  "types/components/amplify-section/amplify-section.d.ts": "98 Bytes",
  "types/components/amplify-select-mfa-type/amplify-select-mfa-type.d.ts": "707 Bytes",
  "types/components/amplify-select-mfa-type/amplify-select-mfa-type.stories.d.ts": "11 Bytes",
  "types/components/amplify-select/amplify-select-interface.d.ts": "416 Bytes",
  "types/components/amplify-select/amplify-select.d.ts": "594 Bytes",
  "types/components/amplify-select/amplify-select.stories.d.ts": "11 Bytes",
  "types/components/amplify-sign-in-button/amplify-sign-in-button.d.ts": "132 Bytes",
  "types/components/amplify-sign-in/amplify-sign-in-interface.d.ts": "311 Bytes",
  "types/components/amplify-sign-in/amplify-sign-in.d.ts": "2 KB",
  "types/components/amplify-sign-in/amplify-sign-in.stories.d.ts": "178 Bytes",
  "types/components/amplify-sign-out/amplify-sign-out.d.ts": "371 Bytes",
  "types/components/amplify-sign-out/amplify-sign-out.stories.d.ts": "11 Bytes",
  "types/components/amplify-sign-up/amplify-sign-up-interface.d.ts": "337 Bytes",
  "types/components/amplify-sign-up/amplify-sign-up.d.ts": "2 KB",
  "types/components/amplify-sign-up/amplify-sign-up.stories.d.ts": "11 Bytes",
  "types/components/amplify-strike/amplify-strike.d.ts": "58 Bytes",
  "types/components/amplify-strike/amplify-strike.stories.d.ts": "115 Bytes",
  "types/components/amplify-toast/amplify-toast.d.ts": "181 Bytes",
  "types/components/amplify-toast/amplify-toast.stories.d.ts": "11 Bytes",
  "types/components/amplify-tooltip/amplify-tooltip.d.ts": "268 Bytes",
  "types/components/amplify-tooltip/amplify-tooltip.stories.d.ts": "11 Bytes",
  "types/components/amplify-totp-setup/amplify-totp-setup-interface.d.ts": "55 Bytes",
  "types/components/amplify-totp-setup/amplify-totp-setup.d.ts": "1 KB",
  "types/components/amplify-totp-setup/amplify-totp-setup.stories.d.ts": "11 Bytes",
  "types/components/amplify-username-field/amplify-username-field.d.ts": "839 Bytes",
  "types/components/amplify-verify-contact/amplify-verify-contact.d.ts": "627 Bytes",
  "types/components/amplify-verify-contact/amplify-verify-contact.stories.d.ts": "170 Bytes",
  "types/global/theme.d.ts": "125 Bytes",
  "types/index.d.ts": "109 Bytes",
  "types/stencil-public-runtime.d.ts": "55 KB",
}
`;
